2025-03-07 08:26:00 | WARN | repo=Aula_GIT | action=edit | files=3
2025-07-10 16:47:00 | INFO | repo=Aula_GIT | action=commit
2025-10-23 07:23:00 | WARN | repo=Aula_GIT | action=test | passed=true
2025-12-07 09:51:00 | INFO | repo=Aula_GIT | action=commit
2025-02-05 13:01:00 | WARN | repo=Aula_GIT | action=commit
2025-01-10 14:37:00 | INFO | repo=Aula_GIT | action=commit
2025-03-27 12:33:00 | INFO | repo=Aula_GIT | action=pull
2025-03-23 21:01:00 | INFO | repo=Aula_GIT | action=commit
2025-07-22 14:50:00 | INFO | repo=Aula_GIT | action=commit
2025-10-18 10:07:00 | WARN | repo=Aula_GIT | action=commit
2025-04-17 17:39:00 | WARN | repo=Aula_GIT | action=edit | files=2
2025-05-25 16:05:00 | INFO | repo=Aula_GIT | action=commit
2025-02-22 15:49:00 | WARN | repo=Aula_GIT | action=edit | files=5
2025-05-09 14:29:00 | INFO | repo=Aula_GIT | action=pull
2025-11-19 13:23:00 | DEBUG | repo=Aula_GIT | action=commit
2025-06-24 13:10:00 | DEBUG | repo=Aula_GIT | action=edit | files=4
2025-05-10 09:36:00 | DEBUG | repo=Aula_GIT | action=commit
2025-03-12 18:34:00 | DEBUG | repo=Aula_GIT | action=pull
2025-09-28 19:33:00 | INFO | repo=Aula_GIT | action=commit
2025-12-19 13:10:00 | DEBUG | repo=Aula_GIT | action=test | passed=true
2025-05-17 11:13:00 | WARN | repo=Aula_GIT | action=commit
